ASxxxx Linker V02.00 + NoICE + sdld,  page 1.
Hexadecimal

Area                               Addr   Size   Decimal Bytes (Attributes)
--------------------------------   ----   ----   ------- ----- ------------
.	.ABS.                            0000   0000 =      0. bytes (ABS,CON)

      Value  Global                              Global Defined In Module
      -----  ---------------------------------   ------------------------
            0000  .__.ABS.                         
            0000  l__BSS                           
            0000  l__CABS                          
            0000  l__DATA                          
            0000  l__GSINIT                        
            0000  l__HEADER                        
            0000  l__HEAP                          
            0000  l__HOME                          
            0000  l__OVERLAY                       
            0000  s__HEADER                        
            0000  s__HEADER0                       
            0000  s__HEADER1                       
            0000  s__HEADER2                       
            0001  l__GSFINAL                       
            0008  l__HEADER0                       
            0009  l__HEADER2                       
            000B  l__HEADER1                       
            0DBA  l__CODE                          
            B000  _copyofmmu0                      
            B001  _copyofmmu1                      
            B002  _copyofmmu2                      
            B003  _copyofmmu3                      
            B004  _gotcontext                      
            B005  ___savepearlmmu                  
            B006  ___saveaf                        
            B008  ___savehl                        
            B00A  _saveaf                          
            B00C  _savebc                          
            B00E  _savede                          
            B010  _savehl                          
            B012  _saveix                          
            B014  _saveiy                          
            B016  _savepc                          
            B018  _savesp                          
            B01A  _saveafdash                      
            B01C  _savebcdash                      
            B01E  _savededash                      
            B020  _savehldash                      
            B022  _savemmu0                        
            B023  _savemmu1                        
            B024  _savemmu2                        
            B025  _savemmu3                        
            B026  _savecritpc                      
            B028  _savecritsp                      
            B02A  _savingcontext                   
            B02B  _nmimagic                        
            B02F  _nmichksums                      
            B037  _criticalpc                      
            B039  _criticalsp                      
            B03B  _initstack                       
ASxxxx Linker V02.00 + NoICE + sdld,  page 2.
Hexadecimal

Area                               Addr   Size   Decimal Bytes (Attributes)
--------------------------------   ----   ----   ------- ----- ------------
.	.ABS.                            0000   0000 =      0. bytes (ABS,CON)

      Value  Global                              Global Defined In Module
      -----  ---------------------------------   ------------------------
            B08B  _diagnostics                     
            B08C  _saveprinstat                    
            B08D  _kbdstate1                       
            B097  _kbdstate2                       
            B0A1  _padkeybuf                       
            B0E1  _padnextin                       
            B0E1  _padnextout                      
            B0E3  _padbufempty                     
            B0E4  _lastkbdstate                    
            B0E6  _thiskbdstate                    
            B0E8  _capsstate                       
            B0E9  _savecaps                        
            B0EA  _justswitchedon                  
            B0EB  _padserbuf                       
            B10B  _padsernextin                    
            B10C  _padsernextout                   
            B10D  _padserbufempty                  
            B10E  _padserin_xoff                   
            B10F  _padserout_xoff                  
            B110  _disablexonxoff                  
            B111  _ackirq                          
            B112  _rptdelay                        
            B113  _rptrate                         
            B114  _rpttimer                        
            B115  _keytorepeat                     
            B116  _rptkeystates                    
            B117  _rtcbuf                          
            B124  _dalarmday                       
            B12A  _alarmhappened                   
            B12B  _alarmhappenedgotmsg             
            B12C  _soundcounter                    
            B12D  _soundptr                        
            B12F  _soundrepcount                   
            B130  _soundrepptr                     
            B132  _poweroffminutes                 
            B133  _minutesleft                     
            B134  _minutecounter                   
            B136  _eventhappened                   
            B137  _preservecontext                 
            B138  _dontpreservecontext             
            B139  _mainprog                        
            B13A  _currentprinter                  
            B13B  _currentmenu                     
            B13D  _wasmenusel                      
            B13E  _lastsecond                      
            B13F  _clockon                         
            B140  _sdumpname                       
            B148  _dworkspace                      
            B150  _ddatebuf                        
            B162  _dasciitime                      
            B1BA  _goutstream                      
ASxxxx Linker V02.00 + NoICE + sdld,  page 3.
Hexadecimal

Area                               Addr   Size   Decimal Bytes (Attributes)
--------------------------------   ----   ----   ------- ----- ------------
.	.ABS.                            0000   0000 =      0. bytes (ABS,CON)

      Value  Global                              Global Defined In Module
      -----  ---------------------------------   ------------------------
            B1BB  _ghoutfile                       
            B1BD  _gpos                            
            C300  s__CODE                          
            D0BA  s__GSFINAL                       
            D0BA  s__GSINIT                        
            D0BA  s__HOME                          
            F000  s__BSS                           
            F000  s__CABS                          
            F000  s__DATA                          
            F000  s__HEAP                          
            F000  s__OVERLAY                       
ASxxxx Linker V02.00 + NoICE + sdld,  page 4.
Hexadecimal

Area                               Addr   Size   Decimal Bytes (Attributes)
--------------------------------   ----   ----   ------- ----- ------------
_CODE                              C300   0DBA =   3514. bytes (REL,CON)

      Value  Global                              Global Defined In Module
      -----  ---------------------------------   ------------------------
            C300  __clock                          
            C304  _exit                            
            C305  _putchar                         
            C305  _putchar_rr_s                    
            C316  _putchar_rr_dbs                  
            C31B  _getchar                         
            C324  _main                            
            C324  _main_start                      
            C3D1  _main_end                        
            C489  _editbuf                         
            C49F  _padgetversion                   
            C4A2  _txtboldoff                      
            C4A5  _txtsetcursor                    
            C4C5  _vprintf                         
            C4C5  _vprintf_start                   
            C4ED  _printf                          
            C4ED  _printf_start                    
            C4ED  _vprintf_end                     
            C513  _kmcharreturn                    
            C513  _printf_end                      
            C51D  _txtboldon                       
            C66A  __print_format                   
            C66A  __print_format_start             
            D055  __print_format_end               
            D060  _strlen                          
            D06F  __rrulong_rrx_s                  
            D089  __rrslong_rrx_s                  
            D0A3  __rlslong_rrx_s                  
            D0A3  __rlulong_rrx_s                  

ASxxxx Linker V02.00 + NoICE + sdld,  page 5.
Hexadecimal

Area                               Addr   Size   Decimal Bytes (Attributes)
--------------------------------   ----   ----   ------- ----- ------------
_HEADER                            0000   0000 =      0. bytes (ABS,CON)

      Value  Global                              Global Defined In Module
      -----  ---------------------------------   ------------------------
ASxxxx Linker V02.00 + NoICE + sdld,  page 6.
Hexadecimal

Area                               Addr   Size   Decimal Bytes (Attributes)
--------------------------------   ----   ----   ------- ----- ------------
_HEADER0                           0000   0008 =      8. bytes (ABS,CON)

      Value  Global                              Global Defined In Module
      -----  ---------------------------------   ------------------------
ASxxxx Linker V02.00 + NoICE + sdld,  page 7.
Hexadecimal

Area                               Addr   Size   Decimal Bytes (Attributes)
--------------------------------   ----   ----   ------- ----- ------------
_HEADER1                           0000   000B =     11. bytes (ABS,CON)

      Value  Global                              Global Defined In Module
      -----  ---------------------------------   ------------------------
ASxxxx Linker V02.00 + NoICE + sdld,  page 8.
Hexadecimal

Area                               Addr   Size   Decimal Bytes (Attributes)
--------------------------------   ----   ----   ------- ----- ------------
_HEADER2                           0000   0009 =      9. bytes (ABS,CON)

      Value  Global                              Global Defined In Module
      -----  ---------------------------------   ------------------------
ASxxxx Linker V02.00 + NoICE + sdld,  page 9.
Hexadecimal

Area                               Addr   Size   Decimal Bytes (Attributes)
--------------------------------   ----   ----   ------- ----- ------------
_HOME                              D0BA   0000 =      0. bytes (REL,CON)

      Value  Global                              Global Defined In Module
      -----  ---------------------------------   ------------------------
ASxxxx Linker V02.00 + NoICE + sdld,  page 10.
Hexadecimal

Area                               Addr   Size   Decimal Bytes (Attributes)
--------------------------------   ----   ----   ------- ----- ------------
_GSINIT                            D0BA   0000 =      0. bytes (REL,CON)

      Value  Global                              Global Defined In Module
      -----  ---------------------------------   ------------------------
            D0BA  gsinit                           

ASxxxx Linker V02.00 + NoICE + sdld,  page 11.
Hexadecimal

Area                               Addr   Size   Decimal Bytes (Attributes)
--------------------------------   ----   ----   ------- ----- ------------
_GSFINAL                           D0BA   0001 =      1. bytes (REL,CON)

      Value  Global                              Global Defined In Module
      -----  ---------------------------------   ------------------------
ASxxxx Linker V02.00 + NoICE + sdld,  page 12.
Hexadecimal

Area                               Addr   Size   Decimal Bytes (Attributes)
--------------------------------   ----   ----   ------- ----- ------------
_DATA                              F000   0000 =      0. bytes (REL,CON)

      Value  Global                              Global Defined In Module
      -----  ---------------------------------   ------------------------
ASxxxx Linker V02.00 + NoICE + sdld,  page 13.
Hexadecimal

Area                               Addr   Size   Decimal Bytes (Attributes)
--------------------------------   ----   ----   ------- ----- ------------
_BSS                               F000   0000 =      0. bytes (REL,CON)

      Value  Global                              Global Defined In Module
      -----  ---------------------------------   ------------------------
ASxxxx Linker V02.00 + NoICE + sdld,  page 14.
Hexadecimal

Area                               Addr   Size   Decimal Bytes (Attributes)
--------------------------------   ----   ----   ------- ----- ------------
_HEAP                              F000   0000 =      0. bytes (REL,CON)

      Value  Global                              Global Defined In Module
      -----  ---------------------------------   ------------------------
ASxxxx Linker V02.00 + NoICE + sdld,  page 15.
Hexadecimal

Area                               Addr   Size   Decimal Bytes (Attributes)
--------------------------------   ----   ----   ------- ----- ------------
_OVERLAY                           F000   0000 =      0. bytes (REL,CON)

      Value  Global                              Global Defined In Module
      -----  ---------------------------------   ------------------------
ASxxxx Linker V02.00 + NoICE + sdld,  page 16.
Hexadecimal

Area                               Addr   Size   Decimal Bytes (Attributes)
--------------------------------   ----   ----   ------- ----- ------------
_CABS                              F000   0000 =      0. bytes (REL,CON)

      Value  Global                              Global Defined In Module
      -----  ---------------------------------   ------------------------
ASxxxx Linker V02.00 + NoICE + sdld,  page 17.

Files Linked                              [ module(s) ]

./crt0.rel                                [ crt0 ]
./putchar.rel                             [  ]
getchar.rel                               [  ]
hello.rel                                 [ hello ]


Libraries Linked                          [ object file ]

libnc100/nc100.lib                        [ editbuf.rel ]
libnc100/nc100.lib                        [ padgetversion.rel ]
libnc100/nc100.lib                        [ txtboldoff.rel ]
libnc100/nc100.lib                        [ txtsetcursor.rel ]
/usr/local/bin/../share/sdcc/lib/z80/z80  [ vprintf.rel ]
libnc100/nc100.lib                        [ kmcharreturn.rel ]
libnc100/nc100.lib                        [ txtboldon.rel ]
/usr/local/bin/../share/sdcc/lib/z80/z80  [ printf_large.rel ]
/usr/local/bin/../share/sdcc/lib/z80/z80  [ strlen.rel ]
/usr/local/bin/../share/sdcc/lib/z80/z80  [ shift.rel ]

ASxxxx Linker V02.00 + NoICE + sdld,  page 18.

User Base Address Definitions

_CODE = 0xc300
_DATA = 0xf000

